Warp 1.16.0 initialized:
   CUDA Toolkit 12.9, Driver 13.3
   Devices:
     "cpu"      : "AMD64 Family 26 Model 68 Stepping 0, AuthenticAMD"
     "cuda:0"   : "NVIDIA GeForce RTX 5090" (32 GiB, sm_120, mempool enabled)
   Kernel cache:
     \\?\C:\Users\patri\AppData\Local\NVIDIA\warp\Cache\1.16.0
Module rivalsim.arena df34b44 load on device 'cpu' took 1.96 ms  (cached)
Module rivalsim.kernels.ball_world a6bd9c0 load on device 'cuda:0' took 8.08 ms  (cached)
Module rivalsim.kernels.rival2 bf88ea4 load on device 'cuda:0' took 1.88 ms  (cached)
Module rivalsim.kernels.lifecycle 52c34f0 load on device 'cuda:0' took 2.09 ms  (cached)
Module rivalsim.kernels.vehicle 03a3e91 load on device 'cuda:0' took 5.86 ms  (cached)
Module rivalsim.kernels.car_ball d80118a load on device 'cuda:0' took 1.56 ms  (cached)
Module rivalsim.kernels.car_car cdcb053 load on device 'cuda:0' took 2.17 ms  (cached)
Module update_integrated_broadphase_order_8330420e 8330420 load on device 'cuda:0' took 2.04 ms  (cached)
Module rivalsim.kernels.integrate 4047978 load on device 'cuda:0' took 2.41 ms  (cached)
Module chassis_contacts_v021_c50c918f c50c918 load on device 'cuda:0' took 14.83 ms  (cached)
Module car_ball_tick_0f05bf90 0f05bf9 load on device 'cuda:0' took 57.28 ms  (cached)
Module car_car_tick_1bad175b 1bad175 load on device 'cuda:0' took 3.26 ms  (cached)
Module integrated_two_car_ball_tick_267ba4d8 267ba4d load on device 'cuda:0' took 2.51 ms  (cached)
Module rivalsim.kernels.boost_pad 1078b74 load on device 'cuda:0' took 2.17 ms  (cached)
Module rivalsim.ssl_foundation_v1 64aeb90 load on device 'cuda:0' took 2.63 ms  (cached)
